2025-08-28T00:53:03 update: added /Janji - Heroes Tonight (feat. Johnning) [NCS Release].mp3
2025-08-28T01:05:31 exception: Failed to decode "https://youtu.be/JFcgOboQZ08?si=lrHZH4EzlFdLU_5R"; avformat_open_input() failed: Invalid data found when processing input
2025-08-28T01:05:31 player: played "https://youtu.be/JFcgOboQZ08?si=lrHZH4EzlFdLU_5R"
2025-08-28T01:05:31 exception: Failed to decode "https://youtu.be/JFcgOboQZ08?si=lrHZH4EzlFdLU_5R"; avformat_open_input() failed: Invalid data found when processing input
2025-08-28T01:07:29 player: played "Janji - Heroes Tonight (feat. Johnning) [NCS Release].mp3"
2025-08-28T01:09:16 pipewire_output: Decoder is too slow; playing silence to avoid xrun
2025-08-28T01:09:55 pipewire_output: Decoder is too slow; playing silence to avoid xrun
2025-08-28T01:10:02 pipewire_output: Decoder is too slow; playing silence to avoid xrun
2025-08-28T01:10:29 player: played "Janji - Heroes Tonight (feat. Johnning) [NCS Release].mp3"
2025-08-28T01:10:32 player: played "Janji - Heroes Tonight (feat. Johnning) [NCS Release].mp3"
2025-08-28T01:12:13 pipewire_output: Decoder is too slow; playing silence to avoid xrun
2025-08-28T01:16:04 player: played "Janji - Heroes Tonight (feat. Johnning) [NCS Release].mp3"
2025-08-28T01:16:09 player: played "Janji - Heroes Tonight (feat. Johnning) [NCS Release].mp3"
2025-08-28T10:19:03 zeroconf: No global port, disabling zeroconf
2025-08-29T08:36:01 zeroconf: No global port, disabling zeroconf
2025-08-30T09:45:18 zeroconf: No global port, disabling zeroconf
2025-08-31T10:31:31 zeroconf: No global port, disabling zeroconf
2025-09-01T11:21:50 zeroconf: No global port, disabling zeroconf
2025-09-02T09:26:48 zeroconf: No global port, disabling zeroconf
2025-09-03T11:36:22 zeroconf: No global port, disabling zeroconf
2025-09-04T09:41:48 zeroconf: No global port, disabling zeroconf
2025-09-04T10:15:11 zeroconf: No global port, disabling zeroconf
2025-09-05T03:42:27 player: played "Janji - Heroes Tonight (feat. Johnning) [NCS Release].mp3"
2025-09-05T11:15:29 zeroconf: No global port, disabling zeroconf
2025-09-05T22:09:09 player: played "Janji - Heroes Tonight (feat. Johnning) [NCS Release].mp3"
2025-09-07T09:55:27 zeroconf: No global port, disabling zeroconf
2025-09-07T17:56:55 player: played "Janji - Heroes Tonight (feat. Johnning) [NCS Release].mp3"
2025-09-08T10:34:38 zeroconf: No global port, disabling zeroconf
2025-09-08T19:48:12 player: played "Janji - Heroes Tonight (feat. Johnning) [NCS Release].mp3"
2025-09-08T21:15:49 zeroconf: No global port, disabling zeroconf
2025-09-08T22:05:31 player: played "Janji - Heroes Tonight (feat. Johnning) [NCS Release].mp3"
2025-09-09T11:19:52 zeroconf: No global port, disabling zeroconf
2025-09-09T23:36:43 player: played "Janji - Heroes Tonight (feat. Johnning) [NCS Release].mp3"
2025-09-10T10:14:22 zeroconf: No global port, disabling zeroconf
2025-09-10T18:41:59 player: played "Janji - Heroes Tonight (feat. Johnning) [NCS Release].mp3"
2025-09-10T20:43:27 zeroconf: No global port, disabling zeroconf
2025-09-10T21:27:02 player: played "Janji - Heroes Tonight (feat. Johnning) [NCS Release].mp3"
2025-09-10T21:58:40 zeroconf: No global port, disabling zeroconf
2025-09-10T23:56:21 player: played "Janji - Heroes Tonight (feat. Johnning) [NCS Release].mp3"
2025-09-11T10:47:02 zeroconf: No global port, disabling zeroconf
2025-09-11T19:51:55 player: played "Janji - Heroes Tonight (feat. Johnning) [NCS Release].mp3"
2025-09-12T09:00:10 zeroconf: No global port, disabling zeroconf
2025-09-12T23:02:45 player: played "Janji - Heroes Tonight (feat. Johnning) [NCS Release].mp3"
2025-09-13T09:46:16 zeroconf: No global port, disabling zeroconf
2025-09-13T23:06:52 player: played "Janji - Heroes Tonight (feat. Johnning) [NCS Release].mp3"
2025-09-14T11:31:32 zeroconf: No global port, disabling zeroconf
2025-09-14T22:23:20 player: played "Janji - Heroes Tonight (feat. Johnning) [NCS Release].mp3"
2025-09-15T09:56:26 zeroconf: No global port, disabling zeroconf
2025-09-15T12:27:36 player: played "Janji - Heroes Tonight (feat. Johnning) [NCS Release].mp3"
2025-09-15T12:38:01 zeroconf: No global port, disabling zeroconf
2025-09-15T16:35:55 zeroconf: No global port, disabling zeroconf
2025-09-15T23:03:36 player: played "Janji - Heroes Tonight (feat. Johnning) [NCS Release].mp3"
2025-09-16T10:41:51 zeroconf: No global port, disabling zeroconf
2025-09-16T22:39:17 player: played "Janji - Heroes Tonight (feat. Johnning) [NCS Release].mp3"
2025-09-17T09:59:39 zeroconf: No global port, disabling zeroconf
2025-09-17T22:42:07 player: played "Janji - Heroes Tonight (feat. Johnning) [NCS Release].mp3"
2025-09-18T08:31:01 zeroconf: No global port, disabling zeroconf
2025-09-18T10:39:53 zeroconf: No global port, disabling zeroconf
2025-09-18T14:21:11 player: played "Janji - Heroes Tonight (feat. Johnning) [NCS Release].mp3"
2025-09-18T14:39:01 zeroconf: No global port, disabling zeroconf
2025-09-18T23:24:17 player: played "Janji - Heroes Tonight (feat. Johnning) [NCS Release].mp3"
2025-09-19T08:42:14 zeroconf: No global port, disabling zeroconf
2025-09-20T00:07:00 player: played "Janji - Heroes Tonight (feat. Johnning) [NCS Release].mp3"
2025-09-20T09:31:21 zeroconf: No global port, disabling zeroconf
2025-09-22T22:07:10 player: played "Janji - Heroes Tonight (feat. Johnning) [NCS Release].mp3"
2025-09-23T10:48:01 zeroconf: No global port, disabling zeroconf
2025-09-23T17:03:08 zeroconf: No global port, disabling zeroconf
2025-09-23T17:33:02 zeroconf: No global port, disabling zeroconf
2025-09-24T09:18:24 zeroconf: No global port, disabling zeroconf
2025-09-25T09:13:52 zeroconf: No global port, disabling zeroconf
2025-09-25T10:13:49 zeroconf: No global port, disabling zeroconf
2025-09-25T19:12:34 zeroconf: No global port, disabling zeroconf
2025-09-25T22:26:39 zeroconf: No global port, disabling zeroconf
2025-09-26T08:51:56 zeroconf: No global port, disabling zeroconf
2025-09-26T08:56:16 zeroconf: No global port, disabling zeroconf
2025-09-26T10:41:39 zeroconf: No global port, disabling zeroconf
2025-09-27T10:32:15 zeroconf: No global port, disabling zeroconf
2025-10-04T17:03:02 exception: Failed to access /home/sachin/music: No such file or directory
2025-10-04T17:03:02 exception: inotify_add_watch("/home/sachin/music") failed: No such file or directory
2025-10-04T21:13:13 exception: Failed to decode "https://www.youtube.com/live/Iap223l97fU?si=aTThbSEzFw4yJ-LE"; avformat_open_input() failed: Invalid data found when processing input
2025-10-04T21:13:13 player: played "https://www.youtube.com/live/Iap223l97fU?si=aTThbSEzFw4yJ-LE"
2025-10-04T21:13:23 exception: Failed to access /home/sachin/music: No such file or directory
2025-10-04T21:13:39 exception: Failed to decode "https://www.youtube.com/live/Iap223l97fU?si=aTThbSEzFw4yJ-LE"; avformat_open_input() failed: Invalid data found when processing input
2025-10-04T21:13:39 player: played "https://www.youtube.com/live/Iap223l97fU?si=aTThbSEzFw4yJ-LE"
2025-10-04T21:14:00 exception: Failed to open /home/sachin/.config/mpd/playlists: No such file or directory
2025-10-04T21:14:04 exception: Failed to open /home/sachin/.config/mpd/playlists: No such file or directory
2025-10-04T21:14:04 exception: Failed to open /home/sachin/.config/mpd/playlists: No such file or directory
2025-10-04T21:14:04 exception: Failed to open /home/sachin/.config/mpd/playlists: No such file or directory
2025-10-04T21:14:04 exception: Failed to open /home/sachin/.config/mpd/playlists: No such file or directory
2025-10-04T21:14:05 exception: Failed to open /home/sachin/.config/mpd/playlists: No such file or directory
2025-10-04T21:14:05 exception: Failed to open /home/sachin/.config/mpd/playlists: No such file or directory
2025-10-04T21:22:36 exception: Failed to decode "https://www.youtube.com/live/Iap223l97fU?si=aTThbSEzFw4yJ-LE"; avformat_open_input() failed: Invalid data found when processing input
2025-10-04T21:22:36 player: played "https://www.youtube.com/live/Iap223l97fU?si=aTThbSEzFw4yJ-LE"
2025-10-04T22:47:09 exception: inotify_add_watch("/home/sachin/music") failed: No such file or directory
2025-10-05T01:17:03 exception: inotify_add_watch("/home/sachin/music") failed: No such file or directory
2025-10-05T09:32:48 exception: inotify_add_watch("/home/sachin/music") failed: No such file or directory
2025-10-05T11:34:11 exception: inotify_add_watch("/home/sachin/music") failed: No such file or directory
2025-10-05T11:38:24 exception: inotify_add_watch("/home/sachin/music") failed: No such file or directory
2025-10-05T12:40:03 exception: inotify_add_watch("/home/sachin/music") failed: No such file or directory
2025-10-05T15:33:39 exception: inotify_add_watch("/home/sachin/music") failed: No such file or directory
2025-10-05T22:18:05 exception: Failed to decode "https://www.youtube.com/live/Iap223l97fU?si=aTThbSEzFw4yJ-LE"; avformat_open_input() failed: Invalid data found when processing input
2025-10-05T22:18:05 player: played "https://www.youtube.com/live/Iap223l97fU?si=aTThbSEzFw4yJ-LE"
2025-10-06T10:25:31 exception: inotify_add_watch("/home/sachin/music") failed: No such file or directory
